// Jest Snapshot v1, https://goo.gl/fbAQLP

exports[`closeModalPopUp 1`] = `
<button
  className=""
  onClick={[Function]}
>
  X
</button>
`;
