// Jest Snapshot v1, https://goo.gl/fbAQLP

exports[`DesignContextProvider is rendering 1`] = `null`;
